// Vitest Snapshot v1, https://vitest.dev/guide/snapshot.html

exports[`HistoryView > renders correctly visually 1`] = `
<div>
  <div
    class="py-6"
    data-v-77e3d4bd=""
  >
    <div
      class="max-w-7xl mx-auto px-4 sm:px-6 lg:px-8"
      data-v-77e3d4bd=""
    >
      <h1
        class="text-3xl font-bold text-gray-900 mb-8"
        data-v-77e3d4bd=""
      >
        Stock Pick History
      </h1>
      <div
        class="space-y-6"
        data-v-77e3d4bd=""
      >
        
        
      </div>
    </div>
  </div>
</div>
`;
